This is pdfTeX, Version 3.141592653-2.6-1.40.22 (TeX Live 2022/dev/Debian) (preloaded format=pdflatex 2026.8.14)  24 SEP 2026 21:18
entering extended mode
 restricted \write18 enabled.
 %&-line parsing enabled.
**crispr_gap_tools_1_5.tex
(./crispr_gap_tools_1_5.tex
LaTeX2e <2021-11-15> patch level 1
L3 programming layer <2022-01-21>
(/usr/share/texlive/texmf-dist/tex/latex/base/article.cls
Document Class: article 2021/10/04 v1.4n Standard LaTeX document class
(/usr/share/texlive/texmf-dist/tex/latex/base/size12.clo
File: size12.clo 2021/10/04 v1.4n Standard LaTeX file (size option)
)
\c@part=\count185
\c@section=\count186
\c@subsection=\count187
\c@subsubsection=\count188
\c@paragraph=\count189
\c@subparagraph=\count190
\c@figure=\count191
\c@table=\count192
\abovecaptionskip=\skip47
\belowcaptionskip=\skip48
\bibindent=\dimen138
)
(/usr/share/texlive/texmf-dist/tex/latex/psnfss/mathptmx.sty
Package: mathptmx 2020/03/25 PSNFSS-v9.3 Times w/ Math, improved (SPQR, WaS) 
LaTeX Font Info:    Redeclaring symbol font `operators' on input line 28.
LaTeX Font Info:    Overwriting symbol font `operators' in version `normal'
(Font)                  OT1/cmr/m/n --> OT1/ztmcm/m/n on input line 28.
LaTeX Font Info:    Overwriting symbol font `operators' in version `bold'
(Font)                  OT1/cmr/bx/n --> OT1/ztmcm/m/n on input line 28.
LaTeX Font Info:    Redeclaring symbol font `letters' on input line 29.
LaTeX Font Info:    Overwriting symbol font `letters' in version `normal'
(Font)                  OML/cmm/m/it --> OML/ztmcm/m/it on input line 29.
LaTeX Font Info:    Overwriting symbol font `letters' in version `bold'
(Font)                  OML/cmm/b/it --> OML/ztmcm/m/it on input line 29.
LaTeX Font Info:    Redeclaring symbol font `symbols' on input line 30.
LaTeX Font Info:    Overwriting symbol font `symbols' in version `normal'
(Font)                  OMS/cmsy/m/n --> OMS/ztmcm/m/n on input line 30.
LaTeX Font Info:    Overwriting symbol font `symbols' in version `bold'
(Font)                  OMS/cmsy/b/n --> OMS/ztmcm/m/n on input line 30.
LaTeX Font Info:    Redeclaring symbol font `largesymbols' on input line 31.
LaTeX Font Info:    Overwriting symbol font `largesymbols' in version `normal'
(Font)                  OMX/cmex/m/n --> OMX/ztmcm/m/n on input line 31.
LaTeX Font Info:    Overwriting symbol font `largesymbols' in version `bold'
(Font)                  OMX/cmex/m/n --> OMX/ztmcm/m/n on input line 31.
\symbold=\mathgroup4
\symitalic=\mathgroup5
LaTeX Font Info:    Redeclaring math alphabet \mathbf on input line 34.
LaTeX Font Info:    Overwriting math alphabet `\mathbf' in version `normal'
(Font)                  OT1/cmr/bx/n --> OT1/ptm/bx/n on input line 34.
LaTeX Font Info:    Overwriting math alphabet `\mathbf' in version `bold'
(Font)                  OT1/cmr/bx/n --> OT1/ptm/bx/n on input line 34.
LaTeX Font Info:    Redeclaring math alphabet \mathit on input line 35.
LaTeX Font Info:    Overwriting math alphabet `\mathit' in version `normal'
(Font)                  OT1/cmr/m/it --> OT1/ptm/m/it on input line 35.
LaTeX Font Info:    Overwriting math alphabet `\mathit' in version `bold'
(Font)                  OT1/cmr/bx/it --> OT1/ptm/m/it on input line 35.
LaTeX Info: Redefining \hbar on input line 50.
)
(/usr/share/texlive/texmf-dist/tex/latex/geometry/geometry.sty
Package: geometry 2020/01/02 v5.9 Page Geometry

(/usr/share/texlive/texmf-dist/tex/latex/graphics/keyval.sty
Package: keyval 2014/10/28 v1.15 key=value parser (DPC)
\KV@toks@=\toks16
)
(/usr/share/texlive/texmf-dist/tex/generic/iftex/ifvtex.sty
Package: ifvtex 2019/10/25 v1.7 ifvtex legacy package. Use iftex instead.

(/usr/share/texlive/texmf-dist/tex/generic/iftex/iftex.sty
Package: iftex 2020/03/06 v1.0d TeX engine tests
))
\Gm@cnth=\count193
\Gm@cntv=\count194
\c@Gm@tempcnt=\count195
\Gm@bindingoffset=\dimen139
\Gm@wd@mp=\dimen140
\Gm@odd@mp=\dimen141
\Gm@even@mp=\dimen142
\Gm@layoutwidth=\dimen143
\Gm@layoutheight=\dimen144
\Gm@layouthoffset=\dimen145
\Gm@layoutvoffset=\dimen146
\Gm@dimlist=\toks17
)
(/usr/share/texlive/texmf-dist/tex/latex/amsmath/amsmath.sty
Package: amsmath 2021/10/15 v2.17l AMS math features
\@mathmargin=\skip49

For additional information on amsmath, use the `?' option.
(/usr/share/texlive/texmf-dist/tex/latex/amsmath/amstext.sty
Package: amstext 2021/08/26 v2.01 AMS text

(/usr/share/texlive/texmf-dist/tex/latex/amsmath/amsgen.sty
File: amsgen.sty 1999/11/30 v2.0 generic functions
\@emptytoks=\toks18
\ex@=\dimen147
))
(/usr/share/texlive/texmf-dist/tex/latex/amsmath/amsbsy.sty
Package: amsbsy 1999/11/29 v1.2d Bold Symbols
\pmbraise@=\dimen148
)
(/usr/share/texlive/texmf-dist/tex/latex/amsmath/amsopn.sty
Package: amsopn 2021/08/26 v2.02 operator names
)
\inf@bad=\count196
LaTeX Info: Redefining \frac on input line 234.
\uproot@=\count197
\leftroot@=\count198
LaTeX Info: Redefining \overline on input line 399.
\classnum@=\count199
\DOTSCASE@=\count266
LaTeX Info: Redefining \ldots on input line 496.
LaTeX Info: Redefining \dots on input line 499.
LaTeX Info: Redefining \cdots on input line 620.
\Mathstrutbox@=\box50
\strutbox@=\box51
\big@size=\dimen149
LaTeX Font Info:    Redeclaring font encoding OML on input line 743.
LaTeX Font Info:    Redeclaring font encoding OMS on input line 744.
\macc@depth=\count267
\c@MaxMatrixCols=\count268
\dotsspace@=\muskip16
\c@parentequation=\count269
\dspbrk@lvl=\count270
\tag@help=\toks19
\row@=\count271
\column@=\count272
\maxfields@=\count273
\andhelp@=\toks20
\eqnshift@=\dimen150
\alignsep@=\dimen151
\tagshift@=\dimen152
\tagwidth@=\dimen153
\totwidth@=\dimen154
\lineht@=\dimen155
\@envbody=\toks21
\multlinegap=\skip50
\multlinetaggap=\skip51
\mathdisplay@stack=\toks22
LaTeX Info: Redefining \[ on input line 2938.
LaTeX Info: Redefining \] on input line 2939.
)
(/usr/share/texlive/texmf-dist/tex/latex/amsfonts/amssymb.sty
Package: amssymb 2013/01/14 v3.01 AMS font symbols

(/usr/share/texlive/texmf-dist/tex/latex/amsfonts/amsfonts.sty
Package: amsfonts 2013/01/14 v3.01 Basic AMSFonts support
\symAMSa=\mathgroup6
\symAMSb=\mathgroup7
LaTeX Font Info:    Overwriting math alphabet `\mathfrak' in version `bold'
(Font)                  U/euf/m/n --> U/euf/b/n on input line 106.
))
(/usr/share/texlive/texmf-dist/tex/latex/amscls/amsthm.sty
Package: amsthm 2020/05/29 v2.20.6
\thm@style=\toks23
\thm@bodyfont=\toks24
\thm@headfont=\toks25
\thm@notefont=\toks26
\thm@headpunct=\toks27
\thm@preskip=\skip52
\thm@postskip=\skip53
\thm@headsep=\skip54
\dth@everypar=\toks28
)
(/usr/share/texlive/texmf-dist/tex/latex/graphics/graphicx.sty
Package: graphicx 2021/09/16 v1.2d Enhanced LaTeX Graphics (DPC,SPQR)

(/usr/share/texlive/texmf-dist/tex/latex/graphics/graphics.sty
Package: graphics 2021/03/04 v1.4d Standard LaTeX Graphics (DPC,SPQR)

(/usr/share/texlive/texmf-dist/tex/latex/graphics/trig.sty
Package: trig 2021/08/11 v1.11 sin cos tan (DPC)
)
(/usr/share/texlive/texmf-dist/tex/latex/graphics-cfg/graphics.cfg
File: graphics.cfg 2016/06/04 v1.11 sample graphics configuration
)
Package graphics Info: Driver file: pdftex.def on input line 107.

(/usr/share/texlive/texmf-dist/tex/latex/graphics-def/pdftex.def
File: pdftex.def 2020/10/05 v1.2a Graphics/color driver for pdftex
))
\Gin@req@height=\dimen156
\Gin@req@width=\dimen157
)
\c@proposition=\count274
\c@definition=\count275
LaTeX Font Info:    Trying to load font information for OT1+ptm on input line 1
1.

(/usr/share/texlive/texmf-dist/tex/latex/psnfss/ot1ptm.fd
File: ot1ptm.fd 2001/06/04 font definitions for OT1/ptm.
)
(/usr/share/texlive/texmf-dist/tex/latex/l3backend/l3backend-pdftex.def
File: l3backend-pdftex.def 2022-01-12 L3 backend support: PDF output (pdfTeX)
\l__color_backend_stack_int=\count276
\l__pdf_internal_box=\box52
)
(./crispr_gap_tools_1_5.aux)
\openout1 = `crispr_gap_tools_1_5.aux'.

LaTeX Font Info:    Checking defaults for OML/cmm/m/it on input line 11.
LaTeX Font Info:    ... okay on input line 11.
LaTeX Font Info:    Checking defaults for OMS/cmsy/m/n on input line 11.
LaTeX Font Info:    ... okay on input line 11.
LaTeX Font Info:    Checking defaults for OT1/cmr/m/n on input line 11.
LaTeX Font Info:    ... okay on input line 11.
LaTeX Font Info:    Checking defaults for T1/cmr/m/n on input line 11.
LaTeX Font Info:    ... okay on input line 11.
LaTeX Font Info:    Checking defaults for TS1/cmr/m/n on input line 11.
LaTeX Font Info:    ... okay on input line 11.
LaTeX Font Info:    Checking defaults for OMX/cmex/m/n on input line 11.
LaTeX Font Info:    ... okay on input line 11.
LaTeX Font Info:    Checking defaults for U/cmr/m/n on input line 11.
LaTeX Font Info:    ... okay on input line 11.

*geometry* driver: auto-detecting
*geometry* detected driver: pdftex
*geometry* verbose mode - [ preamble ] result:
* driver: pdftex
* paper: <default>
* layout: <same size as paper>
* layoutoffset:(h,v)=(0.0pt,0.0pt)
* modes: 
* h-part:(L,W,R)=(72.26999pt, 469.75502pt, 72.26999pt)
* v-part:(T,H,B)=(72.26999pt, 650.43001pt, 72.26999pt)
* \paperwidth=614.295pt
* \paperheight=794.96999pt
* \textwidth=469.75502pt
* \textheight=650.43001pt
* \oddsidemargin=0.0pt
* \evensidemargin=0.0pt
* \topmargin=-37.0pt
* \headheight=12.0pt
* \headsep=25.0pt
* \topskip=12.0pt
* \footskip=30.0pt
* \marginparwidth=44.0pt
* \marginparsep=10.0pt
* \columnsep=10.0pt
* \skip\footins=10.8pt plus 4.0pt minus 2.0pt
* \hoffset=0.0pt
* \voffset=0.0pt
* \mag=1000
* \@twocolumnfalse
* \@twosidefalse
* \@mparswitchfalse
* \@reversemarginfalse
* (1in=72.27pt=25.4mm, 1cm=28.453pt)

(/usr/share/texlive/texmf-dist/tex/context/base/mkii/supp-pdf.mkii
[Loading MPS to PDF converter (version 2006.09.02).]
\scratchcounter=\count277
\scratchdimen=\dimen158
\scratchbox=\box53
\nofMPsegments=\count278
\nofMParguments=\count279
\everyMPshowfont=\toks29
\MPscratchCnt=\count280
\MPscratchDim=\dimen159
\MPnumerator=\count281
\makeMPintoPDFobject=\count282
\everyMPtoPDFconversion=\toks30
) (/usr/share/texlive/texmf-dist/tex/latex/epstopdf-pkg/epstopdf-base.sty
Package: epstopdf-base 2020-01-24 v2.11 Base part for package epstopdf
Package epstopdf-base Info: Redefining graphics rule for `.eps' on input line 4
85.

(/usr/share/texlive/texmf-dist/tex/latex/latexconfig/epstopdf-sys.cfg
File: epstopdf-sys.cfg 2010/07/13 v1.3 Configuration of (r)epstopdf for TeX Liv
e
))
LaTeX Font Info:    Trying to load font information for OT1+ztmcm on input line
 12.

(/usr/share/texlive/texmf-dist/tex/latex/psnfss/ot1ztmcm.fd
File: ot1ztmcm.fd 2000/01/03 Fontinst v1.801 font definitions for OT1/ztmcm.
)
LaTeX Font Info:    Trying to load font information for OML+ztmcm on input line
 12.

(/usr/share/texlive/texmf-dist/tex/latex/psnfss/omlztmcm.fd
File: omlztmcm.fd 2000/01/03 Fontinst v1.801 font definitions for OML/ztmcm.
)
LaTeX Font Info:    Trying to load font information for OMS+ztmcm on input line
 12.

(/usr/share/texlive/texmf-dist/tex/latex/psnfss/omsztmcm.fd
File: omsztmcm.fd 2000/01/03 Fontinst v1.801 font definitions for OMS/ztmcm.
)
LaTeX Font Info:    Trying to load font information for OMX+ztmcm on input line
 12.

(/usr/share/texlive/texmf-dist/tex/latex/psnfss/omxztmcm.fd
File: omxztmcm.fd 2000/01/03 Fontinst v1.801 font definitions for OMX/ztmcm.
)
LaTeX Font Info:    Font shape `OT1/ptm/bx/n' in size <14.4> not available
(Font)              Font shape `OT1/ptm/b/n' tried instead on input line 12.
LaTeX Font Info:    Font shape `OT1/ptm/bx/n' in size <10.95> not available
(Font)              Font shape `OT1/ptm/b/n' tried instead on input line 12.
LaTeX Font Info:    Font shape `OT1/ptm/bx/n' in size <8> not available
(Font)              Font shape `OT1/ptm/b/n' tried instead on input line 12.
LaTeX Font Info:    Font shape `OT1/ptm/bx/n' in size <6> not available
(Font)              Font shape `OT1/ptm/b/n' tried instead on input line 26.
 [1

{/var/lib/texmf/fonts/map/pdftex/updmap/pdftex.map}]
LaTeX Font Info:    Font shape `OT1/ptm/bx/n' in size <12> not available
(Font)              Font shape `OT1/ptm/b/n' tried instead on input line 70.
LaTeX Font Info:    Font shape `OT1/ptm/bx/n' in size <9> not available
(Font)              Font shape `OT1/ptm/b/n' tried instead on input line 70.
LaTeX Font Info:    Font shape `OT1/ptm/bx/n' in size <7> not available
(Font)              Font shape `OT1/ptm/b/n' tried instead on input line 70.
 (./related_work.tex [2]) [3]
(./datasets.tex
Overfull \hbox (13.756pt too wide) in paragraph at lines 34--38
\OT1/ptm/m/n/12 editing ef-fi-cien-cies in HEK293T and K562 cells, with se-quen
ce con-text and de-sign fea-tures (PBS/RTT
 []

) [4] (./math_foundations.tex [5] [6] [7]) [8] [9]
Overfull \hbox (0.76025pt too wide) in paragraph at lines 209--215
\OT1/cmtt/m/n/12 python -m crisprgap.train[]efficacy\OT1/ptm/m/n/12 , \OT1/cmtt
/m/n/12 python -m crisprgap.train[]offtarget\OT1/ptm/m/n/12 , \OT1/cmtt/m/n/12 
python
 []


Overfull \hbox (8.39647pt too wide) in paragraph at lines 209--215
\OT1/cmtt/m/n/12 -m crisprgap.train[]offtarget[]ablation\OT1/ptm/m/n/12 , \OT1/
cmtt/m/n/12 python -m crisprgap.train[]pegrna\OT1/ptm/m/n/12 ; har-nesses
 []


Overfull \hbox (10.71785pt too wide) in paragraph at lines 209--215
\OT1/ptm/m/n/12 in \OT1/cmtt/m/n/12 crisprgap/crossdata.py \OT1/ptm/m/n/12 and 
\OT1/cmtt/m/n/12 scripts/run[]crossdata[]cnn.py\OT1/ptm/m/n/12 . The her-metic 
suite (\OT1/cmtt/m/n/12 pytest\OT1/ptm/m/n/12 )
 []

(./methods_detail.tex [10]
LaTeX Font Info:    Trying to load font information for OMS+ptm on input line 5
0.

(/usr/share/texlive/texmf-dist/tex/latex/psnfss/omsptm.fd
File: omsptm.fd 
)
LaTeX Font Info:    Font shape `OMS/ptm/m/n' in size <12> not available
(Font)              Font shape `OMS/cmsy/m/n' tried instead on input line 50.
)
<figs/fig_transfer_matrix.png, id=46, 332.442pt x 274.626pt>
File: figs/fig_transfer_matrix.png Graphic file (type png)
<use figs/fig_transfer_matrix.png>
Package pdftex.def Info: figs/fig_transfer_matrix.png  used on input line 223.
(pdftex.def)             Requested size: 258.36668pt x 213.43217pt.


LaTeX Warning: `h' float specifier changed to `ht'.

<fig_crossdata.pdf, id=48, 375.804pt x 245.718pt>
File: fig_crossdata.pdf Graphic file (type pdf)
<use fig_crossdata.pdf>
Package pdftex.def Info: fig_crossdata.pdf  used on input line 245.
(pdftex.def)             Requested size: 328.82707pt x 215.01396pt.
[11]

LaTeX Warning: `h' float specifier changed to `ht'.

<figs/fig_offtarget_roc_cal.png, id=52, 664.884pt x 289.08pt>
File: figs/fig_offtarget_roc_cal.png Graphic file (type png)
<use figs/fig_offtarget_roc_cal.png>
Package pdftex.def Info: figs/fig_offtarget_roc_cal.png  used on input line 260
.
(pdftex.def)             Requested size: 446.26582pt x 194.02664pt.

LaTeX Warning: `h' float specifier changed to `ht'.

<fig_calibration.pdf, id=53, 303.534pt x 289.08pt>
File: fig_calibration.pdf Graphic file (type pdf)
<use fig_calibration.pdf>
Package pdftex.def Info: fig_calibration.pdf  used on input line 267.
(pdftex.def)             Requested size: 234.8775pt x 223.69061pt.

LaTeX Warning: `h' float specifier changed to `ht'.

[12 <./figs/fig_transfer_matrix.png>]
<fig_pegrna_scaling.pdf, id=58, 303.534pt x 216.81pt>
File: fig_pegrna_scaling.pdf Graphic file (type pdf)
<use fig_pegrna_scaling.pdf>
Package pdftex.def Info: fig_pegrna_scaling.pdf  used on input line 296.
(pdftex.def)             Requested size: 258.36668pt x 184.54741pt.


LaTeX Warning: `h' float specifier changed to `ht'.

<figs/fig_ablation_bars.png, id=59, 390.258pt x 274.626pt>
File: figs/fig_ablation_bars.png Graphic file (type png)
<use figs/fig_ablation_bars.png>
Package pdftex.def Info: figs/fig_ablation_bars.png  used on input line 327.
(pdftex.def)             Requested size: 281.85587pt x 198.34656pt.
[13 <./fig_crossdata.pdf>]

LaTeX Warning: `h' float specifier changed to `ht'.

<fig_pam_distribution.pdf, id=105, 303.534pt x 216.81pt>
File: fig_pam_distribution.pdf Graphic file (type pdf)
<use fig_pam_distribution.pdf>
Package pdftex.def Info: fig_pam_distribution.pdf  used on input line 333.
(pdftex.def)             Requested size: 258.36668pt x 184.54741pt.

LaTeX Warning: `h' float specifier changed to `ht'.

(./results_tables.tex
Overfull \hbox (87.12366pt too wide) in paragraph at lines 16--21
 [][] 
 []

)

LaTeX Warning: `h' float specifier changed to `ht'.


LaTeX Warning: `h' float specifier changed to `ht'.


LaTeX Warning: `h' float specifier changed to `ht'.


LaTeX Warning: `h' float specifier changed to `ht'.


LaTeX Warning: `h' float specifier changed to `ht'.


LaTeX Warning: `h' float specifier changed to `ht'.


LaTeX Warning: `h' float specifier changed to `ht'.

[14 <./figs/fig_offtarget_roc_cal.png>] [15 <./fig_calibration.pdf>]

LaTeX Warning: `h' float specifier changed to `ht'.

(./bootstrap_tables.tex [16 <./fig_pegrna_scaling.pdf>]

LaTeX Warning: `h' float specifier changed to `ht'.


LaTeX Warning: `h' float specifier changed to `ht'.


LaTeX Warning: `h' float specifier changed to `ht'.

)
<figs/fig_residual_concordance.png, id=207, 346.896pt x 317.988pt>
File: figs/fig_residual_concordance.png Graphic file (type png)
<use figs/fig_residual_concordance.png>
Package pdftex.def Info: figs/fig_residual_concordance.png  used on input line 
423.
(pdftex.def)             Requested size: 244.27461pt x 223.91954pt.


LaTeX Warning: `h' float specifier changed to `ht'.

<figs/fig_porta_before_after.png, id=208, 664.884pt x 303.534pt>
File: figs/fig_porta_before_after.png Graphic file (type png)
<use figs/fig_porta_before_after.png>
Package pdftex.def Info: figs/fig_porta_before_after.png  used on input line 43
4.
(pdftex.def)             Requested size: 446.26582pt x 203.72798pt.

LaTeX Warning: `h' float specifier changed to `ht'.

<figs/fig_porta_score_dist.png, id=209, 346.896pt x 289.08pt>
File: figs/fig_porta_score_dist.png Graphic file (type png)
<use figs/fig_porta_score_dist.png>
Package pdftex.def Info: figs/fig_porta_score_dist.png  used on input line 444.

(pdftex.def)             Requested size: 234.8775pt x 195.7337pt.

LaTeX Warning: `h' float specifier changed to `ht'.

(./discussion.tex [17 <./figs/fig_ablation_bars.png>] [18 <./fig_pam_distributi
on.pdf>]) (./tools_and_data.tex

LaTeX Warning: `h' float specifier changed to `ht'.


LaTeX Warning: `h' float specifier changed to `ht'.

)
Overfull \hbox (16.84058pt too wide) in paragraph at lines 55--454
 \OT1/ptm/b/n/12 To-ward the 40-tool / 120-dataset bar.[] \OT1/ptm/m/n/12 Reach
-able ad-di-tions with gen-uine use in this item: published-
 []


Overfull \hbox (17.82321pt too wide) in paragraph at lines 55--454
\OT1/ptm/m/n/12 model ex-ter-nal val-i-da-tion (PRI-DICT2, CRISPRon, DeepHF BiL
-STM weights as bench-mark columns),
 []


Overfull \hbox (1.98587pt too wide) in paragraph at lines 55--454
\OT1/ptm/m/n/12 2019/2020 CRISPRon 15k, Xiang-2021, Chari-2015, GUIDE-seq/CIRCL
E-seq/CHANGE-seq pri-
 []

[19]
Overfull \hbox (14.37503pt too wide) in paragraph at lines 469--475
\OT1/ptm/m/n/12 Each gap ships as a callable tool: \OT1/cmtt/m/n/12 crisprgap.c
rossdata \OT1/ptm/m/n/12 (gap 1 har-ness), \OT1/cmtt/m/n/12 crisprgap.calibrati
on
 []


Overfull \hbox (9.04047pt too wide) in paragraph at lines 469--475
\OT1/ptm/m/n/12 + \OT1/cmtt/m/n/12 crisprgap.models.transfer[]cnn \OT1/ptm/m/n/
12 (gap 3 pre-dic-tor), \OT1/cmtt/m/n/12 crisprgap.models.offtarget[]v2 \OT1/pt
m/m/n/12 (gaps
 []

[20] (./repro_appendix.tex
LaTeX Font Info:    Trying to load font information for TS1+ptm on input line 1
5.

(/usr/share/texlive/texmf-dist/tex/latex/psnfss/ts1ptm.fd
File: ts1ptm.fd 2001/06/04 font definitions for TS1/ptm.
)
LaTeX Font Info:    Trying to load font information for OMS+cmtt on input line 
20.
LaTeX Font Info:    No file OMScmtt.fd. on input line 20.


LaTeX Font Warning: Font shape `OMS/cmtt/m/n' undefined
(Font)              using `OMS/cmsy/m/n' instead
(Font)              for symbol `textbraceleft' on input line 20.


Overfull \hbox (245.64311pt too wide) in paragraph at lines 18--25
[]\OT1/ptm/b/n/12 DeepHF screens\OT1/ptm/m/n/12 : pick-led ar-rays at \OT1/cmtt
/m/n/12 github.com/dagrate/public[]data[]crisprCas9 \OT1/ptm/m/n/12 (\OT1/cmtt/
m/n/12 data/deepHF/\OMS/cmtt/m/n/12 f\OT1/cmtt/m/n/12 wt,esp,hf\OMS/cmtt/m/n/12
 g[]\OT1/cmtt/m/n/12 seq[]data[]array.pkl\OT1/ptm/m/n/12 );
 []

[21]
Overfull \hbox (43.1291pt too wide) in paragraph at lines 27--29
[]\OT1/ptm/b/n/12 PRIDICT2\OT1/ptm/m/n/12 : \OT1/cmtt/m/n/12 data[]23k[]v1.csv 
\OT1/ptm/m/n/12 from \OT1/cmtt/m/n/12 github.com/uzh-dqbm-cmi/PRIDICT2\OT1/ptm/
m/n/12 , \OT1/cmtt/m/n/12 dataset/proc[]v2/\OT1/ptm/m/n/12 . 
 []


Overfull \hbox (20.71205pt too wide) in paragraph at lines 29--32
[]\OT1/ptm/b/n/12 CFD ma-tri-ces\OT1/ptm/m/n/12 : ven-dored from \OT1/cmtt/m/n/
12 github.com/maximilianh/crisporWebsite \OT1/ptm/m/n/12 (\OT1/cmtt/m/n/12 CFD[
]Scoring/\OT1/ptm/m/n/12 )
 []

[22 <./figs/fig_residual_concordance.png>]
Overfull \hbox (5.72021pt too wide) in paragraph at lines 44--44
[]\OT1/cmtt/m/n/12 python scripts/make_paper_assets.py        # tables and figu
res from results/[] 
 []

)
Overfull \hbox (8.93242pt too wide) in paragraph at lines 50--502
\OT1/ptm/m/n/12 in ei-ther cell line; (iv) epi-ge-netic fea-tures alone do not 
im-prove off-target AU-ROC; (v) the crisprSQL-
 []

(./references.tex [23 <./figs/fig_porta_before_after.png>] [24 <./figs/fig_port
a_score_dist.png>] [25]) [26] (./crispr_gap_tools_1_5.aux)

LaTeX Font Warning: Some font shapes were not available, defaults substituted.

 ) 
Here is how much of TeX's memory you used:
 3602 strings out of 480247
 54523 string characters out of 5896151
 353501 words of memory out of 5000000
 21434 multiletter control sequences out of 15000+600000
 519140 words of font info for 136 fonts, out of 8000000 for 9000
 14 hyphenation exceptions out of 8191
 55i,10n,62p,435b,277s stack positions out of 5000i,500n,10000p,200000b,80000s
{/usr/share/texlive/texmf-dist/fonts/enc/dvips/base/8r.enc}</usr/share/texliv
e/texmf-dist/fonts/type1/public/amsfonts/cm/cmex10.pfb></usr/share/texlive/texm
f-dist/fonts/type1/public/amsfonts/cm/cmmi10.pfb></usr/share/texlive/texmf-dist
/fonts/type1/public/amsfonts/cm/cmr10.pfb></usr/share/texlive/texmf-dist/fonts/
type1/public/amsfonts/cm/cmsy10.pfb></usr/share/texlive/texmf-dist/fonts/type1/
public/amsfonts/cm/cmtt10.pfb></usr/share/texlive/texmf-dist/fonts/type1/public
/amsfonts/cm/cmtt12.pfb></usr/share/texlive/texmf-dist/fonts/type1/public/amsfo
nts/symbols/msbm10.pfb></usr/share/texlive/texmf-dist/fonts/type1/public/rsfs/r
sfs10.pfb></usr/share/texlive/texmf-dist/fonts/type1/urw/symbol/usyr.pfb></usr/
share/texlive/texmf-dist/fonts/type1/urw/symbol/usyr.pfb></usr/share/texlive/te
xmf-dist/fonts/type1/urw/times/utmb8a.pfb></usr/share/texlive/texmf-dist/fonts/
type1/urw/times/utmr8a.pfb></usr/share/texlive/texmf-dist/fonts/type1/urw/times
/utmri8a.pfb>
Output written on crispr_gap_tools_1_5.pdf (26 pages, 734712 bytes).
PDF statistics:
 347 PDF objects out of 1000 (max. 8388607)
 128 compressed objects within 2 object streams
 0 named destinations out of 1000 (max. 500000)
 51 words of extra memory for PDF output out of 10000 (max. 10000000)

